
https://www.ics.uci.edu/software
